// Jest Snapshot v1, https://goo.gl/fbAQLP

exports[`ButtonLogin should pass 1`] = `<DocumentFragment />`;
